// Jest Snapshot v1, https://goo.gl/fbAQLP

exports[`First Snapshot test 1`] = `
<div
  className="calc-container"
>
  <h3>
    Let´s do some math!
  </h3>
  <div
    className="box"
  >
    <div
      className="main-container"
    >
      <table
        cellSpacing="0"
      >
        <tbody>
          <tr>
            <td>
              <div
                className="output"
              >
                <div
                  className="input"
                >
                  0  
                </div>
              </div>
            </td>
          </tr>
          <tr>
            <td>
              <button
                onClick={[Function]}
                type="submit"
              >
                AC
              </button>
              <button
                onClick={[Function]}
                type="submit"
              >
                +/-
              </button>
              <button
                onClick={[Function]}
                type="submit"
              >
                %
              </button>
              <button
                className="orange"
                onClick={[Function]}
                type="submit"
              >
                ÷
              </button>
            </td>
          </tr>
          <tr>
            <td>
              <button
                onClick={[Function]}
                type="submit"
              >
                7
              </button>
              <button
                onClick={[Function]}
                type="submit"
              >
                8
              </button>
              <button
                onClick={[Function]}
                type="submit"
              >
                9
              </button>
              <button
                className="orange"
                onClick={[Function]}
                type="submit"
              >
                x
              </button>
            </td>
          </tr>
          <tr>
            <td>
              <button
                onClick={[Function]}
                type="submit"
              >
                4
              </button>
              <button
                onClick={[Function]}
                type="submit"
              >
                5
              </button>
              <button
                onClick={[Function]}
                type="submit"
              >
                6
              </button>
              <button
                className="orange"
                onClick={[Function]}
                type="submit"
              >
                -
              </button>
            </td>
          </tr>
          <tr>
            <td>
              <button
                onClick={[Function]}
                type="submit"
              >
                1
              </button>
              <button
                onClick={[Function]}
                type="submit"
              >
                2
              </button>
              <button
                onClick={[Function]}
                type="submit"
              >
                3
              </button>
              <button
                className="orange"
                onClick={[Function]}
                type="submit"
              >
                +
              </button>
            </td>
          </tr>
          <tr>
            <td>
              <button
                className="zero"
                onClick={[Function]}
                type="submit"
              >
                0
              </button>
              <button
                onClick={[Function]}
                type="submit"
              >
                .
              </button>
              <button
                className="orange"
                onClick={[Function]}
                type="submit"
              >
                =
              </button>
            </td>
          </tr>
        </tbody>
      </table>
    </div>
  </div>
</div>
`;
